[Licensing::Module] Trying to connect to existing licensing client channel...
Built from '6000.3/staging' branch; Version is '6000.3.22f1 (1c726e1fb402) revision 1864302'; Using compiler version '194234433'; Build Type 'Release'
[Licensing::IpcConnector] Channel LicenseClient-碳女士 doesn't exist
OS: 'Windows 11  (10.0.26200) Core' Language: 'zh' Physical Memory: 32604 MB
BatchMode: 1, IsHumanControllingUs: 0, StartBugReporterOnCrash: 0, Is64bit: 1
System  architecture: x64
Process architecture: x64
Date: 2026-09-28T15:52:06Z
[Licensing::Module] Successfully launched the LicensingClient (PId: 13764)
[Licensing::IpcConnector] Successfully connected to: "LicenseClient-碳女士" at "2026-09-28T15:52:06.7379077Z"
[Licensing::Client] Code 10 while verifying Licensing Client signature (process Id: 13764, path: "C:/Unity/6000.3.22f1/Editor/Data/Resources/Licensing/Client/Unity.Licensing.Client.exe")
[Licensing::Module] LicensingClient has failed validation; ignoring

COMMAND LINE ARGUMENTS:
C:\Unity\6000.3.22f1\Editor\Unity.exe
-batchmode
-quit
-projectPath
C:\UnityProjects\KitchenChao
-logFile
C:\UnityProjects\KitchenChao\order-board-verify.log
Successfully changed project path to: C:\UnityProjects\KitchenChao
C:/UnityProjects/KitchenChao
[UnityMemory] Configuration Parameters - Can be set up in boot.config
    "memorysetup-temp-allocator-size-nav-mesh-worker=65536"
    "memorysetup-temp-allocator-size-audio-worker=65536"
    "memorysetup-temp-allocator-size-gfx=262144"
    "memorysetup-allocator-temp-initial-block-size-main=262144"
    "memorysetup-allocator-temp-initial-block-size-worker=262144"
    "memorysetup-temp-allocator-size-background-worker=32768"
    "memorysetup-temp-allocator-size-job-worker=262144"
    "memorysetup-temp-allocator-size-preload-manager=33554432"
    "memorysetup-temp-allocator-size-gi-baking-worker=262144"
    "memorysetup-temp-allocator-size-gi-baking-worker=262144"
    "memorysetup-temp-allocator-size-gi-baking-worker=262144"
    "memorysetup-temp-allocator-size-gi-baking-worker=262144"
    "memorysetup-temp-allocator-size-gi-baking-worker=262144"
    "memorysetup-bucket-allocator-granularity=16"
    "memorysetup-bucket-allocator-bucket-count=8"
    "memorysetup-bucket-allocator-block-size=33554432"
    "memorysetup-bucket-allocator-block-count=8"
    "memorysetup-main-allocator-block-size=16777216"
    "memorysetup-thread-allocator-block-size=16777216"
    "memorysetup-gfx-main-allocator-block-size=16777216"
    "memorysetup-gfx-thread-allocator-block-size=16777216"
    "memorysetup-cache-allocator-block-size=4194304"
    "memorysetup-typetree-allocator-block-size=2097152"
    "memorysetup-profiler-bucket-allocator-granularity=16"
    "memorysetup-profiler-bucket-allocator-bucket-count=8"
    "memorysetup-profiler-bucket-allocator-block-size=33554432"
    "memorysetup-profiler-bucket-allocator-block-count=8"
    "memorysetup-profiler-allocator-block-size=16777216"
    "memorysetup-profiler-editor-allocator-block-size=1048576"
    "memorysetup-temp-allocator-size-main=16777216"
    "memorysetup-job-temp-allocator-block-size=2097152"
    "memorysetup-job-temp-allocator-block-size-background=1048576"
    "memorysetup-job-temp-allocator-reduction-small-platforms=262144"
    "memorysetup-temp-allocator-size-cloud-worker=32768"
Player connection [41000]  Target information:

Player connection [41000]  * "[IP] 192.168.1.52 [Port] 55504 [Flags] 2 [Guid] 1138125183 [EditorId] 1138125183 [Version] 1048832 [Id] WindowsEditor(7,Grand-Finale) [Debug] 1 [PackageName] WindowsEditor [ProjectName] Editor" 

Player connection [41000] Host joined multi-casting on [225.0.0.222:54997]...
Player connection [41000] Host joined alternative multi-casting on [225.0.0.222:34997]...
Input System module state changed to: Initialized.
[Physics::Module] Initialized fallback backend.
[Physics::Module] Id: 0xdecafbad
[Licensing::Client] Handshaking with LicensingClient:
  Version:                 1.18.1+9fbee8e
  Session Id:              c249abe395a24e8fb1da324028dbe8ab
  Correlation Id:          8adad3b18db56cd01a49a634a2bac7b2
  External correlation Id: 4743871658688655277
  Machine Id:              xg8SwXkWaoiP+iaS/WdtYl041nU=
[Licensing::Module] Successfully connected to LicensingClient on channel: "LicenseClient-碳女士" (connect: 0.25s, validation: 0.15s, handshake: 0.04s)
[Licensing::IpcConnector] Successfully connected to: "LicenseClient-碳女士-notifications" at "2026-09-28T15:52:06.9284668Z"
[Licensing::Module] Connected to LicensingClient (PId: 13764, launch time: 0.01, total connection time: 0.44s)
[Licensing::Module] Error: Access token is unavailable; failed to update
[Licensing::Client] Successfully resolved entitlement details
[Licensing::Module] License group:
  Id: F4-T3MD-3HHS-RXFY-YUZK-XXXX
  Product: Unity Personal
  Type: ULF
  Expiration: 2026-11-04T16:48:51Z
[Licensing::Client] Successfully updated license, isAsync: True, time: 0.01
[Licensing::Client] Successfully resolved entitlement details
[Licensing::Module] Licensing Background thread has ended after 0.47s
[Package Manager] Connected to IPC stream "Upm-50872" after 0.2 seconds.
[Licensing::Client] Successfully resolved entitlement details
Library Redirect Path: Library/
[Physics::Module] Selected backend.
[Physics::Module] Name: PhysX
[Physics::Module] Id: 0xf2b8ea05
[Physics::Module] SDK Version: 4.1.2
[Physics::Module] Integration Version: 1.0.0
[Physics::Module] Threading Mode: Multi-Threaded
Refreshing native plugins compatible for Editor in 0.18 ms, found 0 plugins.
Preloading 0 native plugins for Editor in 0.00 ms.
Initialize engine version: 6000.3.22f1 (1c726e1fb402)
[Subsystems] Discovering subsystems at path C:/Unity/6000.3.22f1/Editor/Data/Resources/UnitySubsystems
[Subsystems] Discovering subsystems at path C:/UnityProjects/KitchenChao/Assets
GfxDevice: creating device client; kGfxThreadingModeNonThreaded
d3d12: failed to query info queue interface (0x80004002).
Direct3D:
    Version:         Direct3D 12 [level 12.2]
    Renderer:        NVIDIA GeForce RTX 4070 Ti SUPER (ID=0x2705)
    Vendor:          NVIDIA
    VRAM:            16063 MB
    App VRAM Budget: 15295 MB
    Driver:          32.0.15.9649
Initialize mono
Mono path[0] = 'C:/Unity/6000.3.22f1/Editor/Data/Managed'
Mono path[1] = 'C:/Unity/6000.3.22f1/Editor/Data/MonoBleedingEdge/lib/mono/unityjit-win32'
Mono config path = 'C:/Unity/6000.3.22f1/Editor/Data/MonoBleedingEdge/etc'
Using monoOptions --debugger-agent=transport=dt_socket,embedding=1,server=y,suspend=n,address=127.0.0.1:56872
Using cacheserver namespaces - metadata:defaultmetadata, artifacts:defaultartifacts
Using cacheserver namespaces - metadata:defaultmetadata, artifacts:defaultartifacts
ImportWorker Server TCP listen port: 0
AcceleratorClientConnectionCallback - disconnected - :0
Begin MonoManager ReloadAssembly
Registering precompiled unity dll's ...
Register platform support module: C:/Unity/6000.3.22f1/Editor/Data/PlaybackEngines/WindowsStandaloneSupport/UnityEditor.WindowsStandalone.Extensions.dll
Registered in 0.001274 seconds.
- Loaded All Assemblies, in  0.286 seconds
Native extension for WindowsStandalone target not found
Package Manager log level set to [2]
ScheduleIndexationOnStartup MainProcess:False IndexOnStartup:True
Mono: successfully reloaded assembly
- Finished resetting the current domain, in  0.266 seconds
Domain Reload Profiling: 551ms
	BeginReloadAssembly (108ms)
		ExecutionOrderSort (0ms)
		DisableScriptedObjects (0ms)
		BackupInstance (0ms)
		ReleaseScriptingObjects (0ms)
		CreateAndSetChildDomain (12ms)
	RebuildCommonClasses (25ms)
	RebuildNativeTypeToScriptingClass (8ms)
	initialDomainReloadingComplete (32ms)
	LoadAllAssembliesAndSetupDomain (112ms)
		LoadAssemblies (95ms)
		RebuildTransferFunctionScriptingTraits (0ms)
		AnalyzeDomain (110ms)
			TypeCache.Refresh (108ms)
				TypeCache.ScanAssembly (99ms)
			BuildScriptInfoCaches (0ms)
			ResolveRequiredComponents (0ms)
	FinalizeReload (266ms)
		ReleaseScriptCaches (0ms)
		RebuildScriptCaches (0ms)
		SetupLoadedEditorAssemblies (240ms)
			LogAssemblyErrors (0ms)
			InitializePlatformSupportModulesInManaged (34ms)
			SetLoadedEditorAssemblies (3ms)
			BeforeProcessingInitializeOnLoad (54ms)
			ProcessInitializeOnLoadAttributes (93ms)
			ProcessInitializeOnLoadMethodAttributes (56ms)
			AfterProcessingInitializeOnLoad (0ms)
			EditorAssembliesLoaded (0ms)
		ExecutionOrderSort2 (0ms)
		AwakeInstancesAfterBackupRestoration (0ms)
[Licensing::Client] Successfully resolved entitlement details
Application.AssetDatabase Initial Refresh Start
[Package Manager] Restoring resolved packages state from cache
[Licensing::Client] Successfully resolved entitlement details
[Package Manager] Registered 33 packages:
  Packages from [https://packages.unity.com]:
    com.unity.ai.navigation@2.0.9 (location: C:\UnityProjects\KitchenChao\Library\PackageCache\com.unity.ai.navigation@5218e4bf7edc)
    com.unity.collab-proxy@2.10.0 (location: C:\UnityProjects\KitchenChao\Library\PackageCache\com.unity.collab-proxy@1e5e48aff19d)
    com.unity.ide.rider@3.0.38 (location: C:\UnityProjects\KitchenChao\Library\PackageCache\com.unity.ide.rider@1f60b3138684)
    com.unity.ide.visualstudio@2.0.25 (location: C:\UnityProjects\KitchenChao\Library\PackageCache\com.unity.ide.visualstudio@74aa435fc4bb)
    com.unity.inputsystem@1.14.2 (location: C:\UnityProjects\KitchenChao\Library\PackageCache\com.unity.inputsystem@be6c4fd0abf5)
    com.unity.timeline@1.8.9 (location: C:\UnityProjects\KitchenChao\Library\PackageCache\com.unity.timeline@6b9e48457ddb)
    com.unity.visualscripting@1.9.7 (location: C:\UnityProjects\KitchenChao\Library\PackageCache\com.unity.visualscripting@6279e2b7c485)
    com.unity.cinemachine@2.10.7 (location: C:\UnityProjects\KitchenChao\Library\PackageCache\com.unity.cinemachine@631385387c5a)
    com.unity.searcher@4.9.5 (location: C:\UnityProjects\KitchenChao\Library\PackageCache\com.unity.searcher@a463122f2c00)
    com.unity.burst@1.8.30 (location: C:\UnityProjects\KitchenChao\Library\PackageCache\com.unity.burst@2f3d916873ea)
    com.unity.mathematics@1.3.3 (location: C:\UnityProjects\KitchenChao\Library\PackageCache\com.unity.mathematics@19a9377c4ffa)
    com.unity.collections@2.6.8 (location: C:\UnityProjects\KitchenChao\Library\PackageCache\com.unity.collections@84e8eb3fc12e)
    com.unity.nuget.mono-cecil@1.11.6 (location: C:\UnityProjects\KitchenChao\Library\PackageCache\com.unity.nuget.mono-cecil@ecb9724e46ff)
    com.unity.test-framework.performance@3.5.0 (location: C:\UnityProjects\KitchenChao\Library\PackageCache\com.unity.test-framework.performance@8b56083ec0f0)
  Built-in packages:
    com.unity.render-pipelines.universal@17.3.0 (location: C:\UnityProjects\KitchenChao\Library\PackageCache\com.unity.render-pipelines.universal@de1a320b3ed3)
    com.unity.test-framework@1.6.0 (location: C:\UnityProjects\KitchenChao\Library\PackageCache\com.unity.test-framework@bd7f943e9647)
    com.unity.ugui@2.0.0 (location: C:\UnityProjects\KitchenChao\Library\PackageCache\com.unity.ugui@20629863fcab)
    com.unity.modules.jsonserialize@1.0.0 (location: C:\UnityProjects\KitchenChao\Library\PackageCache\com.unity.modules.jsonserialize)
    com.unity.modules.ui@1.0.0 (location: C:\UnityProjects\KitchenChao\Library\PackageCache\com.unity.modules.ui)
    com.unity.modules.imgui@1.0.0 (location: C:\UnityProjects\KitchenChao\Library\PackageCache\com.unity.modules.imgui)
    com.unity.modules.audio@1.0.0 (location: C:\UnityProjects\KitchenChao\Library\PackageCache\com.unity.modules.audio)
    com.unity.modules.director@1.0.0 (location: C:\UnityProjects\KitchenChao\Library\PackageCache\com.unity.modules.director)
    com.unity.modules.animation@1.0.0 (location: C:\UnityProjects\KitchenChao\Library\PackageCache\com.unity.modules.animation)
    com.unity.modules.particlesystem@1.0.0 (location: C:\UnityProjects\KitchenChao\Library\PackageCache\com.unity.modules.particlesystem)
    com.unity.ext.nunit@2.0.5 (location: C:\UnityProjects\KitchenChao\Library\PackageCache\com.unity.ext.nunit@d8c07649098d)
    com.unity.render-pipelines.core@17.3.0 (location: C:\UnityProjects\KitchenChao\Library\PackageCache\com.unity.render-pipelines.core@202510c2d2a2)
    com.unity.shadergraph@17.3.0 (location: C:\UnityProjects\KitchenChao\Library\PackageCache\com.unity.shadergraph@aa8306cf39d6)
    com.unity.render-pipelines.universal-config@17.0.3 (location: C:\UnityProjects\KitchenChao\Library\PackageCache\com.unity.render-pipelines.universal-config@8dc1aab4af1d)
    com.unity.modules.uielements@1.0.0 (location: C:\UnityProjects\KitchenChao\Library\PackageCache\com.unity.modules.uielements)
    com.unity.modules.ai@1.0.0 (location: C:\UnityProjects\KitchenChao\Library\PackageCache\com.unity.modules.ai)
    com.unity.modules.physics@1.0.0 (location: C:\UnityProjects\KitchenChao\Library\PackageCache\com.unity.modules.physics)
    com.unity.modules.terrain@1.0.0 (location: C:\UnityProjects\KitchenChao\Library\PackageCache\com.unity.modules.terrain)
    com.unity.modules.hierarchycore@1.0.0 (location: C:\UnityProjects\KitchenChao\Library\PackageCache\com.unity.modules.hierarchycore)
[Subsystems] No new subsystems found in resolved package list.
[Package Manager] Done registering packages in 0.01 seconds
[ScriptCompilation] Requested script compilation because: Assetdatabase observed changes in script compilation related files
Starting: C:\Unity\6000.3.22f1\Editor\Data\Tools\BuildPipeline\bee_backend.exe --ipc --defer-dag-verification --dagfile="Library/Bee/1900b0aE.dag" --continue-on-failure --profile="Library/Bee/backend1.traceevents" ScriptAssemblies
WorkingDir: C:/UnityProjects/KitchenChao
DisplayProgressbar: Compiling Scripts
Starting: C:\Unity\6000.3.22f1\Editor\Data\netcorerun\netcorerun.exe "C:\Unity\6000.3.22f1\Editor\Data\Tools\BuildPipeline\ScriptCompilationBuildProgram.exe" "Library/Bee/1900b0aE.dag.json" "Library/Bee/1900b0aE-inputdata.json" "Library\Bee\buildprogram0.traceevents"
WorkingDir: C:/UnityProjects/KitchenChao
ExitCode: 4 Duration: 0s120ms
Rebuilding DAG because FileSignature timestamp changed: Library/Bee/1900b0aE-inputdata.json
*** Tundra requires additional run (0.09 seconds), 0 items updated, 480 evaluated
ExitCode: 0 Duration: 0s407ms
Starting: C:\Unity\6000.3.22f1\Editor\Data\Tools\BuildPipeline\bee_backend.exe --ipc --defer-dag-verification --dagfile="Library/Bee/1900b0aE.dag" --continue-on-failure --dagfilejson="Library\Bee\1900b0aE.dag.json" --profile="Library/Bee/backend2.traceevents" ScriptAssemblies
WorkingDir: C:/UnityProjects/KitchenChao
ExitCode: 0 Duration: 0s975ms
Finished compiling graph: 848 nodes, 14754 flattened edges (12074 ToBuild, 130 ToUse), maximum node priority 914
[665/845    0s] ILPP-Configuration Library/ilpp-configuration.nevergeneratedoutput
[837/845    0s] Csc Library/Bee/artifacts/1900b0aE.dag/Assembly-CSharp.dll (+2 others)
Assets\MobileDepthWater\Scripts\AnimationStarter.cs(8,41): warning CS0108: 'AnimationStarter.animation' hides inherited member 'Component.animation'. Use the new keyword if hiding was intended.

Assets\MobileDepthWater\Scripts\Water\WaterMaterialSwitcher.cs(13,43): warning CS0108: 'WaterMaterialSwitcher.renderer' hides inherited member 'Component.renderer'. Use the new keyword if hiding was intended.

Assets\Scripts\GameInput.cs(20,31): warning CS0067: The event 'GameInput.OnMoveCamera' is never used

Assets\Scripts\Counters\PlatesCounter.cs(8,31): warning CS0067: The event 'PlatesCounter.OnPlateSpwan' is never used

Assets\Scripts\MarketScripts\UI\StoreMenuUI.cs(23,17): warning CS0414: The field 'StoreMenuUI.purchaseNumber' is assigned but its value is never used
[839/845    0s] ILPostProcess Library/Bee/artifacts/1900b0aE.dag/post-processed/Assembly-CSharp.dll (+pdb)
Processing assembly Library/Bee/artifacts/1900b0aE.dag/Assembly-CSharp.dll, with 139 defines and 287 references

processors: Unity.Jobs.CodeGen.JobsILPostProcessor, zzzUnity.Burst.CodeGen.BurstILPostProcessor

running Unity.Jobs.CodeGen.JobsILPostProcessor

running zzzUnity.Burst.CodeGen.BurstILPostProcessor
[840/845    0s] ILPostProcess Library/Bee/artifacts/1900b0aE.dag/post-processed/Assembly-CSharp-Editor.dll (+pdb)
Processing assembly Library/Bee/artifacts/1900b0aE.dag/Assembly-CSharp-Editor.dll, with 137 defines and 330 references

processors: Unity.Jobs.CodeGen.JobsILPostProcessor, zzzUnity.Burst.CodeGen.BurstILPostProcessor

running Unity.Jobs.CodeGen.JobsILPostProcessor

running zzzUnity.Burst.CodeGen.BurstILPostProcessor
[842/845    0s] CopyFiles Library/ScriptAssemblies/Assembly-CSharp.pdb
[843/845    0s] CopyFiles Library/ScriptAssemblies/Assembly-CSharp.dll
*** Tundra build success (0.95 seconds), 6 items updated, 845 evaluated
Assets\MobileDepthWater\Scripts\AnimationStarter.cs(8,41): warning CS0108: 'AnimationStarter.animation' hides inherited member 'Component.animation'. Use the new keyword if hiding was intended.
Assets\MobileDepthWater\Scripts\Water\WaterMaterialSwitcher.cs(13,43): warning CS0108: 'WaterMaterialSwitcher.renderer' hides inherited member 'Component.renderer'. Use the new keyword if hiding was intended.
Assets\Scripts\GameInput.cs(20,31): warning CS0067: The event 'GameInput.OnMoveCamera' is never used
Assets\Scripts\Counters\PlatesCounter.cs(8,31): warning CS0067: The event 'PlatesCounter.OnPlateSpwan' is never used
Assets\Scripts\MarketScripts\UI\StoreMenuUI.cs(23,17): warning CS0414: The field 'StoreMenuUI.purchaseNumber' is assigned but its value is never used
AssetDatabase: script compilation time: 1.843556s
Begin MonoManager ReloadAssembly
- Loaded All Assemblies, in  0.666 seconds
Refreshing native plugins compatible for Editor in 0.66 ms, found 3 plugins.
Native extension for WindowsStandalone target not found
ScheduleIndexationOnStartup MainProcess:True IndexOnStartup:True
Mono: successfully reloaded assembly
- Finished resetting the current domain, in  1.986 seconds
Domain Reload Profiling: 2650ms
	BeginReloadAssembly (243ms)
		ExecutionOrderSort (0ms)
		DisableScriptedObjects (15ms)
		BackupInstance (0ms)
		ReleaseScriptingObjects (0ms)
		CreateAndSetChildDomain (131ms)
	RebuildCommonClasses (24ms)
	RebuildNativeTypeToScriptingClass (8ms)
	initialDomainReloadingComplete (20ms)
	LoadAllAssembliesAndSetupDomain (368ms)
		LoadAssemblies (284ms)
		RebuildTransferFunctionScriptingTraits (0ms)
		AnalyzeDomain (153ms)
			TypeCache.Refresh (110ms)
				TypeCache.ScanAssembly (103ms)
			BuildScriptInfoCaches (32ms)
			ResolveRequiredComponents (8ms)
	FinalizeReload (1987ms)
		ReleaseScriptCaches (0ms)
		RebuildScriptCaches (0ms)
		SetupLoadedEditorAssemblies (1866ms)
			LogAssemblyErrors (0ms)
			InitializePlatformSupportModulesInManaged (13ms)
			SetLoadedEditorAssemblies (4ms)
			BeforeProcessingInitializeOnLoad (110ms)
			ProcessInitializeOnLoadAttributes (1661ms)
			ProcessInitializeOnLoadMethodAttributes (74ms)
			AfterProcessingInitializeOnLoad (4ms)
			EditorAssembliesLoaded (0ms)
		ExecutionOrderSort2 (0ms)
		AwakeInstancesAfterBackupRestoration (19ms)
Refreshing native plugins compatible for Editor in 0.75 ms, found 3 plugins.
Preloading 0 native plugins for Editor in 0.00 ms.
Asset Pipeline Refresh (id=4029bc79527a5a7448585422caf0d17c): Total: 5.063 seconds - Initiated by InitialRefreshV2(ForceSynchronousImport)
	Summary:
		Imports: total=0 (actual=0, local cache=0, cache server=0)
		Asset DB Process Time: managed=0 ms, native=2278 ms
		Asset DB Callback time: managed=221 ms, native=15 ms
		Scripting: domain reloads=1, domain reload time=666 ms, compile time=1845 ms, other=34 ms
		Project Asset Count: scripts=1339, non-scripts=3153
		Asset File Changes: new=0, changed=2, moved=0, deleted=0
		Scan Filter Count: 0
	InvokeCustomDependenciesCallbacks: 0.001ms
	InvokePackagesCallback: 11.380ms
	ApplyChangesToAssetFolders: 0.434ms
	Scan: 88.659ms
	OnSourceAssetsModified: 0.649ms
	CategorizeAssetsWithTransientArtifact: 25.968ms
	ProcessAssetsWithTransientArtifactChanges: 49.214ms
	CategorizeAssets: 37.166ms
	ImportOutOfDateAssets: 1991.879ms (146.264ms without children)
		CompileScripts: 1844.837ms
		ReloadNativeAssets: 0.001ms
		UnloadImportedAssets: 0.071ms
		EnsureUptoDateAssetsAreRegisteredWithGuidPM: 0.380ms
		InitializingProgressBar: 0.000ms
		PostProcessAllAssetNotificationsAddChangedAssets: 0.001ms
		OnDemandSchedulerStart: 0.326ms
	PostProcessAllAssets: 222.338ms
	Hotreload: 4.204ms
	GatherAllCurrentPrimaryArtifactRevisions: 0.002ms
	UnloadStreamsBegin: 1.828ms
	PersistCurrentRevisions: 0.116ms
	UnloadStreamsEnd: 0.001ms
	GenerateScriptTypeHashes: 2.036ms
	Untracked: 2628.796ms

Application.AssetDatabase Initial Refresh End
Launched and connected shader compiler UnityShaderCompiler.exe after 0.01 seconds
Scanning for USB devices : 1.579ms
Initializing Unity extensions:
[MODES] ModeService[none].Initialize
[MODES] ModeService[none].LoadModes
[MODES] Loading mode Default (0) for mode-current-id-com.unity.template.urp-blank
Unloading 124 Unused Serialized files (Serialized files now loaded: 0)
Unloading 6435 unused Assets / (4.6 MB). Loaded Objects now: 7307.
Memory consumption went from 227.2 MB to 222.6 MB.
Total: 5.944200 ms (FindLiveObjects: 0.358400 ms CreateObjectMapping: 0.231100 ms MarkObjects: 3.956500 ms  DeleteObjects: 1.397300 ms)

Batchmode quit successfully invoked - shutting down!
Curl error 42: Callback aborted
Font Asset [GEETYPE晴空泡泡体-闪 中黑(GEETYPE-SkyPopGB-Flash-Medium) SDF] Units Per EM set to 1000. Please commit the newly serialized value.
UnityEngine.Debug:ExtractStackTraceNoAlloc (byte*,int,string)
UnityEngine.StackTraceUtility:ExtractStackTrace ()
UnityEngine.DebugLogHandler:Internal_Log (UnityEngine.LogType,UnityEngine.LogOption,string,UnityEngine.Object)
UnityEngine.DebugLogHandler:LogFormat (UnityEngine.LogType,UnityEngine.Object,string,object[])
UnityEngine.Logger:Log (UnityEngine.LogType,object)
UnityEngine.Debug:Log (object)
TMPro.TMP_FontAsset:ReadFontAssetDefinition () (at ./Library/PackageCache/com.unity.ugui@20629863fcab/Runtime/TMP/TMP_FontAsset.cs:819)
TMPro.TMP_FontAsset:OnValidate () (at ./Library/PackageCache/com.unity.ugui@20629863fcab/Runtime/TMP/TMP_FontAsset.cs:757)
UnityEditor.AssetDatabase:LoadAssetAtPath (string,System.Type)
UnityEditor.AssetDatabase:LoadAssetAtPath<TMPro.TMP_FontAsset> (string)
TMPro.EditorEventCallbacks/<>c:<InitializeFontAssetResourceChangeCallBacks>b__0_0 () (at ./Library/PackageCache/com.unity.ugui@20629863fcab/Editor/TMP/TMP_EditorResourceManager.cs:32)
UnityEditor.EditorApplication:Internal_EditorApplicationQuit ()

(Filename: ./Library/PackageCache/com.unity.ugui@20629863fcab/Runtime/TMP/TMP_FontAsset.cs Line: 819)

Font Asset [yezigongchangkuailexingqiuti SDF] Units Per EM set to 1000. Please commit the newly serialized value.
UnityEngine.Debug:ExtractStackTraceNoAlloc (byte*,int,string)
UnityEngine.StackTraceUtility:ExtractStackTrace ()
UnityEngine.DebugLogHandler:Internal_Log (UnityEngine.LogType,UnityEngine.LogOption,string,UnityEngine.Object)
UnityEngine.DebugLogHandler:LogFormat (UnityEngine.LogType,UnityEngine.Object,string,object[])
UnityEngine.Logger:Log (UnityEngine.LogType,object)
UnityEngine.Debug:Log (object)
TMPro.TMP_FontAsset:ReadFontAssetDefinition () (at ./Library/PackageCache/com.unity.ugui@20629863fcab/Runtime/TMP/TMP_FontAsset.cs:819)
TMPro.TMP_FontAsset:OnValidate () (at ./Library/PackageCache/com.unity.ugui@20629863fcab/Runtime/TMP/TMP_FontAsset.cs:757)
UnityEditor.AssetDatabase:LoadAssetAtPath (string,System.Type)
UnityEditor.AssetDatabase:LoadAssetAtPath<TMPro.TMP_FontAsset> (string)
TMPro.EditorEventCallbacks/<>c:<InitializeFontAssetResourceChangeCallBacks>b__0_0 () (at ./Library/PackageCache/com.unity.ugui@20629863fcab/Editor/TMP/TMP_EditorResourceManager.cs:32)
UnityEditor.EditorApplication:Internal_EditorApplicationQuit ()

(Filename: ./Library/PackageCache/com.unity.ugui@20629863fcab/Runtime/TMP/TMP_FontAsset.cs Line: 819)

[Physics::Module] Cleanup current backend.
[Physics::Module] Id: 0xf2b8ea05
Input System module state changed to: ShutdownInProgress.
Input System polling thread exited.
Input System module state changed to: Shutdown.
[Licensing::IpcConnector] LicenseClient-碳女士-notifications channel disconnected successfully.
[Licensing::IpcConnector] LicenseClient-碳女士 channel disconnected successfully.
AcceleratorClientConnectionCallback - disconnected - :0
Cleanup mono
Exiting batchmode successfully now!
Exiting without the bug reporter. Application will terminate with return code 0